2025-10-18 22:29:21 [INFO] ================================================================================
2025-10-18 22:29:21 [INFO] 🚀 NEW CRAWLER SESSION STARTED
2025-10-18 22:29:21 [INFO] ================================================================================
2025-10-18 22:29:21 [INFO] 🎮 Crawler Arguments: delay=0.5s, max_pages=100, excel=docs/car-data.xlsx
2025-10-18 22:29:21 [INFO] 🔍 SEARCH CRITERIA:
2025-10-18 22:29:21 [INFO] 📱 Vehicle: Audi A4 (sedan)
2025-10-18 22:29:21 [INFO] ⛽ Fuel Type: dizelov
2025-10-18 22:29:21 [INFO] 💰 Price Range: 8000 - 35000 BGN
2025-10-18 22:29:21 [INFO] 🔧 Engine Power: 120 - 250 HP
2025-10-18 22:29:21 [INFO] 🔍 Validating search URL...
2025-10-18 22:29:21 [INFO] ✅ URL validation successful
2025-10-18 22:29:21 [INFO] 🔗 Search URL: https://www.mobile.bg/obiavi/avtomobili-dzhipove/audi/a4/sedan/dizelov?price=8000&price1=35000&engine_power=120&engine_power1=250
2025-10-18 22:29:21 [INFO] 📡 Fetching Page 1: https://www.mobile.bg/obiavi/avtomobili-dzhipove/audi/a4/sedan/dizelov?price=8000&price1=35000&engine_power=120&engine_power1=250
2025-10-18 22:29:22 [INFO] 📊 SEARCH RESULTS SUMMARY:
2025-10-18 22:29:22 [INFO]  🎯 Total Results Found: 141 cars
2025-10-18 22:29:22 [INFO]  📄 Estimated Pages: 8 pages (~20 cars per page)
2025-10-18 22:29:22 [INFO]  ⏱️  Estimated Crawl Time: ~4.0 seconds
2025-10-18 22:29:22 [INFO]   📄 Page 1: Found 20 links, 20 new (14.2% complete)
2025-10-18 22:29:22 [INFO] Next page URL: https://www.mobile.bg/obiavi/avtomobili-dzhipove/audi/a4/sedan/dizelov/p-2?price=8000&price1=35000&engine_power=120&engine_power1=250
2025-10-18 22:29:22 [INFO] 📡 Fetching Page 2: https://www.mobile.bg/obiavi/avtomobili-dzhipove/audi/a4/sedan/dizelov/p-2?price=8000&price1=35000&engine_power=120&engine_power1=250
2025-10-18 22:29:22 [INFO]   📄 Page 2: Found 20 links, 20 new (28.4% complete)
2025-10-18 22:29:22 [INFO] Next page URL: https://www.mobile.bg/obiavi/avtomobili-dzhipove/audi/a4/sedan/dizelov/p-3?price=8000&price1=35000&engine_power=120&engine_power1=250
2025-10-18 22:29:23 [INFO] 📡 Fetching Page 3: https://www.mobile.bg/obiavi/avtomobili-dzhipove/audi/a4/sedan/dizelov/p-3?price=8000&price1=35000&engine_power=120&engine_power1=250
2025-10-18 22:29:23 [INFO]   📄 Page 3: Found 20 links, 20 new (42.6% complete)
2025-10-18 22:29:23 [INFO] Next page URL: https://www.mobile.bg/obiavi/avtomobili-dzhipove/audi/a4/sedan/dizelov/p-4?price=8000&price1=35000&engine_power=120&engine_power1=250
2025-10-18 22:29:24 [INFO] 📡 Fetching Page 4: https://www.mobile.bg/obiavi/avtomobili-dzhipove/audi/a4/sedan/dizelov/p-4?price=8000&price1=35000&engine_power=120&engine_power1=250
2025-10-18 22:29:24 [INFO]   📄 Page 4: Found 20 links, 20 new (56.7% complete)
2025-10-18 22:29:24 [INFO] Next page URL: https://www.mobile.bg/obiavi/avtomobili-dzhipove/audi/a4/sedan/dizelov/p-5?price=8000&price1=35000&engine_power=120&engine_power1=250
2025-10-18 22:29:24 [INFO] 📡 Fetching Page 5: https://www.mobile.bg/obiavi/avtomobili-dzhipove/audi/a4/sedan/dizelov/p-5?price=8000&price1=35000&engine_power=120&engine_power1=250
2025-10-18 22:29:24 [INFO]   📄 Page 5: Found 21 links, 21 new (71.6% complete)
2025-10-18 22:29:24 [INFO] Next page URL: https://www.mobile.bg/obiavi/avtomobili-dzhipove/audi/a4/sedan/dizelov/p-6?price=8000&price1=35000&engine_power=120&engine_power1=250
2025-10-18 22:29:25 [INFO] 📡 Fetching Page 6: https://www.mobile.bg/obiavi/avtomobili-dzhipove/audi/a4/sedan/dizelov/p-6?price=8000&price1=35000&engine_power=120&engine_power1=250
2025-10-18 22:29:25 [INFO]   📄 Page 6: Found 20 links, 20 new (85.8% complete)
2025-10-18 22:29:25 [INFO] Next page URL: https://www.mobile.bg/obiavi/avtomobili-dzhipove/audi/a4/sedan/dizelov/p-7?price=8000&price1=35000&engine_power=120&engine_power1=250
2025-10-18 22:29:26 [INFO] 📡 Fetching Page 7: https://www.mobile.bg/obiavi/avtomobili-dzhipove/audi/a4/sedan/dizelov/p-7?price=8000&price1=35000&engine_power=120&engine_power1=250
2025-10-18 22:29:26 [INFO]   📄 Page 7: Found 20 links, 20 new (100.0% complete)
2025-10-18 22:29:26 [INFO] Next page URL: https://www.mobile.bg/obiavi/avtomobili-dzhipove/audi/a4/sedan/dizelov/p-8?price=8000&price1=35000&engine_power=120&engine_power1=250
2025-10-18 22:29:26 [INFO] 📡 Fetching Page 8: https://www.mobile.bg/obiavi/avtomobili-dzhipove/audi/a4/sedan/dizelov/p-8?price=8000&price1=35000&engine_power=120&engine_power1=250
2025-10-18 22:29:27 [INFO]   📄 Page 8: Found 1 links, 1 new (100.7% complete)
2025-10-18 22:29:27 [INFO] 🏁 No more pages found. Crawling complete!
2025-10-18 22:29:27 [INFO] 🔗 LINK COLLECTION COMPLETE!
2025-10-18 22:29:27 [INFO]   📊 Total Unique Links: 142 cars
2025-10-18 22:29:27 [INFO]   📄 Pages Processed: 8
2025-10-18 22:29:27 [INFO]   ⏱️  Total Collection Time: 5.1 seconds
2025-10-18 22:29:27 [INFO] 🚗 STARTING DATA EXTRACTION:
2025-10-18 22:29:27 [INFO]   📊 Total Links to Process: 142 cars
2025-10-18 22:29:27 [INFO]   ⏱️  Estimated Time: ~42.6 seconds
2025-10-18 22:29:27 [INFO]   [1/142] (0.7%) Processing batch...
2025-10-18 22:29:27 [INFO]   [2/142] (1.4%) Extracting: obiava-11758886300005673-audi-a4-a4-b9...
2025-10-18 22:29:28 [INFO]   [3/142] (2.1%) Extracting: obiava-11755880512097807-audi-a4-b8...
2025-10-18 22:29:29 [INFO]   [4/142] (2.8%) Extracting: obiava-11760339674893646-audi-a4-2-0-tdi-quattro...
2025-10-18 22:29:29 [INFO]   [5/142] (3.5%) Extracting: obiava-11669566635825587-audi-a4-2-7tdi...
2025-10-18 22:29:30 [WARNING] 🛑 Crawling interrupted by user
2025-10-18 22:29:30 [INFO] 📈 EXTRACTION COMPLETE!
2025-10-18 22:29:30 [INFO]   ✅ Successful Extractions: 4 cars
2025-10-18 22:29:30 [INFO]   ❌ Failed Extractions: 138 cars
2025-10-18 22:29:30 [INFO]   📊 Success Rate: 2.8%
2025-10-18 22:29:30 [INFO]   ⏱️  Total Extraction Time: 3.0 seconds
2025-10-18 22:29:30 [INFO]   ⚡ Average Time per Car: 0.02 seconds
2025-10-18 22:29:30 [INFO] 💰 PRICE ANALYSIS:
2025-10-18 22:29:30 [INFO]   📊 Cars with Valid Prices: 4/4
2025-10-18 22:29:30 [INFO]   💵 Average Price: 25,321 BGN
2025-10-18 22:29:30 [INFO]   📉 Minimum Price: 16,800 BGN
2025-10-18 22:29:30 [INFO]   📈 Maximum Price: 34,500 BGN
2025-10-18 22:29:30 [INFO] 💾 EXCEL EXPORT COMPLETE!
2025-10-18 22:29:30 [INFO]   📁 File: docs/car-data.xlsx
2025-10-18 22:29:30 [INFO]   📋 Sheet: Audi-A4
2025-10-18 22:29:30 [INFO]   📊 Records Saved: 4 cars
2025-10-18 22:29:30 [INFO] 🎯 MISSION COMPLETE! 🚀
2025-10-18 22:29:30 [INFO] ================================================================================
2025-10-18 22:30:20 [INFO] ================================================================================
2025-10-18 22:30:20 [INFO] 🚀 NEW CRAWLER SESSION STARTED
2025-10-18 22:30:20 [INFO] ================================================================================
2025-10-18 22:30:20 [INFO] 🎮 Crawler Arguments: delay=0.5s, max_pages=100, excel=docs/car-data.xlsx
2025-10-18 22:30:20 [INFO] 🔍 SEARCH CRITERIA:
2025-10-18 22:30:20 [INFO] 📱 Vehicle: Mitsubishi Outlander (dzhip)
2025-10-18 22:30:20 [INFO] ⛽ Fuel Type: dizelov
2025-10-18 22:30:20 [INFO] 💰 Price Range: 7000 - 9000 BGN
2025-10-18 22:30:20 [INFO] 🔧 Engine Power: 120 - 250 HP
2025-10-18 22:30:20 [INFO] 🔍 Validating search URL...
2025-10-18 22:30:20 [INFO] ✅ URL validation successful
2025-10-18 22:30:20 [INFO] 🔗 Search URL: https://www.mobile.bg/obiavi/avtomobili-dzhipove/mitsubishi/outlander/dzhip/dizelov?price=7000&price1=9000&engine_power=120&engine_power1=250
2025-10-18 22:30:20 [INFO] 📡 Fetching Page 1: https://www.mobile.bg/obiavi/avtomobili-dzhipove/mitsubishi/outlander/dzhip/dizelov?price=7000&price1=9000&engine_power=120&engine_power1=250
2025-10-18 22:30:20 [INFO] 📊 SEARCH RESULTS SUMMARY:
2025-10-18 22:30:20 [INFO]  🎯 Total Results Found: 15 cars
2025-10-18 22:30:20 [INFO]  📄 Estimated Pages: 1 pages (~20 cars per page)
2025-10-18 22:30:20 [INFO]  ⏱️  Estimated Crawl Time: ~0.5 seconds
2025-10-18 22:30:20 [INFO]   📄 Page 1: Found 16 links, 16 new (106.7% complete)
2025-10-18 22:30:20 [INFO] 🏁 No more pages found. Crawling complete!
2025-10-18 22:30:20 [INFO] 🔗 LINK COLLECTION COMPLETE!
2025-10-18 22:30:20 [INFO]   📊 Total Unique Links: 16 cars
2025-10-18 22:30:20 [INFO]   📄 Pages Processed: 1
2025-10-18 22:30:20 [INFO]   ⏱️  Total Collection Time: 0.2 seconds
2025-10-18 22:30:20 [INFO] 🚗 STARTING DATA EXTRACTION:
2025-10-18 22:30:20 [INFO]   📊 Total Links to Process: 16 cars
2025-10-18 22:30:20 [INFO]   ⏱️  Estimated Time: ~4.8 seconds
2025-10-18 22:30:20 [INFO]   [1/16] (6.2%) Processing batch...
2025-10-18 22:30:21 [INFO]   [2/16] (12.5%) Extracting: obiava-21701877959149810-mitsubishi-outlander-2-0d-140ps-4x4...
2025-10-18 22:30:22 [INFO]   [3/16] (18.8%) Extracting: obiava-21760711316979247-mitsubishi-outlander-2-2di-d-156kc-navi-7mesta-fulll...
2025-10-18 22:30:23 [INFO]   [4/16] (25.0%) Extracting: obiava-11714248518071301-mitsubishi-outlander-2-2did-150ps-119000-km-avtomat-kozha...
2025-10-18 22:30:23 [INFO]   [5/16] (31.2%) Extracting: obiava-21706810358966397-mitsubishi-outlander-2000-turbo...
2025-10-18 22:30:24 [INFO]   [6/16] (37.5%) Extracting: obiava-21752746067325126-mitsubishi-outlander-2-2did...
2025-10-18 22:30:25 [INFO]   [7/16] (43.8%) Extracting: obiava-21748360183031034-mitsubishi-outlander-4h4...
2025-10-18 22:30:25 [INFO]   [8/16] (50.0%) Extracting: obiava-11714248518071301-mitsubishi-outlander-2-2did-150ps-119000-km-avtomat-kozha?#player...
2025-10-18 22:30:26 [INFO]   [9/16] (56.2%) Extracting: obiava-21745062973770897-mitsubishi-outlander-2000-kubika-140k-s...
2025-10-18 22:30:27 [INFO]   [10/16] (62.5%) Extracting: obiava-21729790019707966-mitsubishi-outlander-2-00-tdi-4x4-italy...
2025-10-18 22:30:27 [INFO]   [11/16] (68.8%) Processing batch...
2025-10-18 22:30:28 [INFO]   [12/16] (75.0%) Extracting: obiava-21760425794976910-mitsubishi-outlander-2-0-did-7-mesta-4h4-italiya...
2025-10-18 22:30:29 [INFO]   [13/16] (81.2%) Extracting: obiava-21746906687682553-mitsubishi-outlander...
2025-10-18 22:30:29 [INFO]   [14/16] (87.5%) Extracting: obiava-21751354419905183-mitsubishi-outlander...
2025-10-18 22:30:30 [INFO]   [15/16] (93.8%) Extracting: obiava-21758826097989807-mitsubishi-outlander-2-0-did...
2025-10-18 22:30:31 [INFO]   [16/16] (100.0%) Processing batch...
2025-10-18 22:30:31 [INFO]   [16/16] (100.0%) Extracting: obiava-21757455152491897-mitsubishi-outlander-navi-keyless-4x4...
2025-10-18 22:30:31 [INFO] 📈 EXTRACTION COMPLETE!
2025-10-18 22:30:31 [INFO]   ✅ Successful Extractions: 16 cars
2025-10-18 22:30:31 [INFO]   ❌ Failed Extractions: 0 cars
2025-10-18 22:30:31 [INFO]   📊 Success Rate: 100.0%
2025-10-18 22:30:31 [INFO]   ⏱️  Total Extraction Time: 10.8 seconds
2025-10-18 22:30:31 [INFO]   ⚡ Average Time per Car: 0.68 seconds
2025-10-18 22:30:31 [INFO] 💰 PRICE ANALYSIS:
2025-10-18 22:30:31 [INFO]   📊 Cars with Valid Prices: 16/16
2025-10-18 22:30:31 [INFO]   💵 Average Price: 8,260 BGN
2025-10-18 22:30:31 [INFO]   📉 Minimum Price: 7,599 BGN
2025-10-18 22:30:31 [INFO]   📈 Maximum Price: 8,950 BGN
2025-10-18 22:30:31 [INFO] 💾 EXCEL EXPORT COMPLETE!
2025-10-18 22:30:31 [INFO]   📁 File: docs/car-data.xlsx
2025-10-18 22:30:31 [INFO]   📋 Sheet: Mitsubishi-Outlander
2025-10-18 22:30:31 [INFO]   📊 Records Saved: 16 cars
2025-10-18 22:30:31 [INFO] 🎯 MISSION COMPLETE! 🚀
2025-10-18 22:30:31 [INFO] ================================================================================
2025-10-18 22:30:46 [INFO] ================================================================================
2025-10-18 22:30:46 [INFO] 🚀 NEW CRAWLER SESSION STARTED
2025-10-18 22:30:46 [INFO] ================================================================================
2025-10-18 22:30:46 [INFO] 🎮 Crawler Arguments: delay=0.5s, max_pages=100, excel=docs/car-data.xlsx
2025-10-18 22:30:46 [INFO] 🔍 SEARCH CRITERIA:
2025-10-18 22:30:46 [INFO] 📱 Vehicle: Mitsubishi Outlander (dzhip)
2025-10-18 22:30:46 [INFO] ⛽ Fuel Type: benzinov
2025-10-18 22:30:46 [INFO] 💰 Price Range: 7000 - 9000 BGN
2025-10-18 22:30:46 [INFO] 🔧 Engine Power: 120 - 250 HP
2025-10-18 22:30:46 [INFO] 🔍 Validating search URL...
2025-10-18 22:30:46 [INFO] ✅ URL validation successful
2025-10-18 22:30:46 [INFO] 🔗 Search URL: https://www.mobile.bg/obiavi/avtomobili-dzhipove/mitsubishi/outlander/dzhip/benzinov?price=7000&price1=9000&engine_power=120&engine_power1=250
2025-10-18 22:30:46 [INFO] 📡 Fetching Page 1: https://www.mobile.bg/obiavi/avtomobili-dzhipove/mitsubishi/outlander/dzhip/benzinov?price=7000&price1=9000&engine_power=120&engine_power1=250
2025-10-18 22:30:46 [INFO] 📊 SEARCH RESULTS SUMMARY:
2025-10-18 22:30:46 [INFO]  🎯 Total Results Found: 22 cars
2025-10-18 22:30:46 [INFO]  📄 Estimated Pages: 2 pages (~20 cars per page)
2025-10-18 22:30:46 [INFO]  ⏱️  Estimated Crawl Time: ~1.0 seconds
2025-10-18 22:30:46 [INFO]   📄 Page 1: Found 20 links, 20 new (90.9% complete)
2025-10-18 22:30:46 [INFO] Next page URL: https://www.mobile.bg/obiavi/avtomobili-dzhipove/mitsubishi/outlander/dzhip/benzinov/p-2?price=7000&price1=9000&engine_power=120&engine_power1=250
2025-10-18 22:30:46 [INFO] 📡 Fetching Page 2: https://www.mobile.bg/obiavi/avtomobili-dzhipove/mitsubishi/outlander/dzhip/benzinov/p-2?price=7000&price1=9000&engine_power=120&engine_power1=250
2025-10-18 22:30:46 [INFO]   📄 Page 2: Found 2 links, 2 new (100.0% complete)
2025-10-18 22:30:46 [INFO] 🏁 No more pages found. Crawling complete!
2025-10-18 22:30:46 [INFO] 🔗 LINK COLLECTION COMPLETE!
2025-10-18 22:30:46 [INFO]   📊 Total Unique Links: 22 cars
2025-10-18 22:30:46 [INFO]   📄 Pages Processed: 2
2025-10-18 22:30:46 [INFO]   ⏱️  Total Collection Time: 0.8 seconds
2025-10-18 22:30:46 [INFO] 🚗 STARTING DATA EXTRACTION:
2025-10-18 22:30:46 [INFO]   📊 Total Links to Process: 22 cars
2025-10-18 22:30:46 [INFO]   ⏱️  Estimated Time: ~6.6 seconds
2025-10-18 22:30:46 [INFO]   [1/22] (4.5%) Processing batch...
2025-10-18 22:30:47 [INFO]   [2/22] (9.1%) Extracting: obiava-21751830024696583-mitsubishi-outlander-2-4-i-16v-4wd-lpg...
2025-10-18 22:30:48 [INFO]   [3/22] (13.6%) Extracting: obiava-21749990614134332-mitsubishi-outlander-2-4...
2025-10-18 22:30:48 [INFO]   [4/22] (18.2%) Extracting: obiava-21759672767105710-mitsubishi-outlander-2-0-136-lpg-4x4...
2025-10-18 22:30:50 [INFO]   [5/22] (22.7%) Extracting: obiava-21748341999589220-mitsubishi-outlander-2-4-awd-sheytsariya...
2025-10-18 22:30:51 [INFO]   [6/22] (27.3%) Extracting: obiava-21744452039636635-mitsubishi-outlander-2-0i-16v-4x4...
2025-10-18 22:30:52 [INFO]   [7/22] (31.8%) Extracting: obiava-21720390373238945-mitsubishi-outlander-2-4-i-avtomat-gazov-injektsion...
2025-10-18 22:30:52 [INFO]   [8/22] (36.4%) Extracting: obiava-21748969021967514-mitsubishi-outlander-2-0i...
2025-10-18 22:30:53 [INFO]   [9/22] (40.9%) Extracting: obiava-21707482392466686-mitsubishi-outlander-2-4-avtomatik-4x4...
2025-10-18 22:30:54 [INFO]   [10/22] (45.5%) Extracting: obiava-21724262579052552-mitsubishi-outlander...
2025-10-18 22:30:54 [INFO]   [11/22] (50.0%) Processing batch...
2025-10-18 22:30:55 [INFO]   [12/22] (54.5%) Extracting: obiava-21742970735065630-mitsubishi-outlander-2-0i-136ks...
2025-10-18 22:30:56 [INFO]   [13/22] (59.1%) Extracting: obiava-21759507049377069-mitsubishi-outlander-2-4i-euro-4...
2025-10-18 22:30:56 [INFO]   [14/22] (63.6%) Extracting: obiava-21731430340165506-mitsubishi-outlander-2-4i-avtomatik...
2025-10-18 22:30:57 [INFO]   [15/22] (68.2%) Extracting: obiava-21757865351226505-mitsubishi-outlander...
2025-10-18 22:30:58 [INFO]   [16/22] (72.7%) Extracting: obiava-21702629702274308-mitsubishi-outlander...
2025-10-18 22:30:59 [INFO]   [17/22] (77.3%) Extracting: obiava-21760041035427004-mitsubishi-outlander-2-4i-16v-4x4-suv-avtomatik...
2025-10-18 22:30:59 [INFO]   [18/22] (81.8%) Extracting: obiava-21758199524595271-mitsubishi-outlander-dakar-2-4-gaz-techna-faza...
2025-10-18 22:31:00 [INFO]   [19/22] (86.4%) Extracting: obiava-21713812278553583-mitsubishi-outlander-2-4i-automat...
2025-10-18 22:31:01 [INFO]   [20/22] (90.9%) Extracting: obiava-21755349852744337-mitsubishi-outlander-2-0...
2025-10-18 22:31:01 [INFO]   [21/22] (95.5%) Processing batch...
2025-10-18 22:31:02 [INFO]   [22/22] (100.0%) Processing batch...
2025-10-18 22:31:02 [INFO]   [22/22] (100.0%) Extracting: obiava-21750345675094449-mitsubishi-outlander-2-0i-4x4-111-000km...
2025-10-18 22:31:03 [INFO] 📈 EXTRACTION COMPLETE!
2025-10-18 22:31:03 [INFO]   ✅ Successful Extractions: 22 cars
2025-10-18 22:31:03 [INFO]   ❌ Failed Extractions: 0 cars
2025-10-18 22:31:03 [INFO]   📊 Success Rate: 100.0%
2025-10-18 22:31:03 [INFO]   ⏱️  Total Extraction Time: 16.3 seconds
2025-10-18 22:31:03 [INFO]   ⚡ Average Time per Car: 0.74 seconds
2025-10-18 22:31:03 [INFO] 💰 PRICE ANALYSIS:
2025-10-18 22:31:03 [INFO]   📊 Cars with Valid Prices: 22/22
2025-10-18 22:31:03 [INFO]   💵 Average Price: 8,008 BGN
2025-10-18 22:31:03 [INFO]   📉 Minimum Price: 7,000 BGN
2025-10-18 22:31:03 [INFO]   📈 Maximum Price: 8,999 BGN
2025-10-18 22:31:03 [INFO] 💾 EXCEL EXPORT COMPLETE!
2025-10-18 22:31:03 [INFO]   📁 File: docs/car-data.xlsx
2025-10-18 22:31:03 [INFO]   📋 Sheet: Mitsubishi-Outlander
2025-10-18 22:31:03 [INFO]   📊 Records Saved: 22 cars
2025-10-18 22:31:03 [INFO] 🎯 MISSION COMPLETE! 🚀
2025-10-18 22:31:03 [INFO] ================================================================================
2025-10-18 22:33:51 [INFO] ================================================================================
2025-10-18 22:33:51 [INFO] 🚀 NEW CRAWLER SESSION STARTED
2025-10-18 22:33:51 [INFO] ================================================================================
2025-10-18 22:33:51 [INFO] 🎮 Crawler Arguments: delay=0.5s, max_pages=100, excel=docs/car-data.xlsx
2025-10-18 22:33:51 [INFO] 🔍 SEARCH CRITERIA:
2025-10-18 22:33:51 [INFO] 📱 Vehicle: Mitsubishi Outlander (dzhip)
2025-10-18 22:33:51 [INFO] ⛽ Fuel Type: benzinov
2025-10-18 22:33:51 [INFO] 💰 Price Range: 7000 - 9000 BGN
2025-10-18 22:33:51 [INFO] 🔧 Engine Power: 120 - 250 HP
2025-10-18 22:33:51 [INFO] 🔍 Validating search URL...
2025-10-18 22:33:51 [INFO] ✅ URL validation successful
2025-10-18 22:33:51 [INFO] 🔗 Search URL: https://www.mobile.bg/obiavi/avtomobili-dzhipove/mitsubishi/outlander/dzhip/benzinov?price=7000&price1=9000&engine_power=120&engine_power1=250
2025-10-18 22:33:51 [INFO] 📡 Fetching Page 1: https://www.mobile.bg/obiavi/avtomobili-dzhipove/mitsubishi/outlander/dzhip/benzinov?price=7000&price1=9000&engine_power=120&engine_power1=250
2025-10-18 22:33:51 [INFO] 📊 SEARCH RESULTS SUMMARY:
2025-10-18 22:33:51 [INFO]  🎯 Total Results Found: 22 cars
2025-10-18 22:33:51 [INFO]  📄 Estimated Pages: 2 pages (~20 cars per page)
2025-10-18 22:33:51 [INFO]  ⏱️  Estimated Crawl Time: ~1.0 seconds
2025-10-18 22:33:51 [INFO]   📄 Page 1: Found 20 links, 20 new (90.9% complete)
2025-10-18 22:33:51 [INFO] Next page URL: https://www.mobile.bg/obiavi/avtomobili-dzhipove/mitsubishi/outlander/dzhip/benzinov/p-2?price=7000&price1=9000&engine_power=120&engine_power1=250
2025-10-18 22:33:52 [INFO] 📡 Fetching Page 2: https://www.mobile.bg/obiavi/avtomobili-dzhipove/mitsubishi/outlander/dzhip/benzinov/p-2?price=7000&price1=9000&engine_power=120&engine_power1=250
2025-10-18 22:33:52 [INFO]   📄 Page 2: Found 2 links, 2 new (100.0% complete)
2025-10-18 22:33:52 [INFO] 🏁 No more pages found. Crawling complete!
2025-10-18 22:33:52 [INFO] 🔗 LINK COLLECTION COMPLETE!
2025-10-18 22:33:52 [INFO]   📊 Total Unique Links: 22 cars
2025-10-18 22:33:52 [INFO]   📄 Pages Processed: 2
2025-10-18 22:33:52 [INFO]   ⏱️  Total Collection Time: 0.8 seconds
2025-10-18 22:33:52 [INFO] 🚗 STARTING DATA EXTRACTION:
2025-10-18 22:33:52 [INFO]   📊 Total Links to Process: 22 cars
2025-10-18 22:33:52 [INFO]   ⏱️  Estimated Time: ~6.6 seconds
2025-10-18 22:33:52 [INFO]   [1/22] (4.5%) Processing batch...
2025-10-18 22:33:53 [INFO]   [2/22] (9.1%) Extracting: obiava-21748341999589220-mitsubishi-outlander-2-4-awd-sheytsariya...
2025-10-18 22:33:53 [INFO]   [3/22] (13.6%) Extracting: obiava-21731430340165506-mitsubishi-outlander-2-4i-avtomatik...
2025-10-18 22:33:54 [INFO]   [4/22] (18.2%) Extracting: obiava-21720390373238945-mitsubishi-outlander-2-4-i-avtomat-gazov-injektsion...
2025-10-18 22:33:54 [INFO]   [5/22] (22.7%) Extracting: obiava-21757865351226505-mitsubishi-outlander...
2025-10-18 22:33:55 [INFO]   [6/22] (27.3%) Extracting: obiava-21755349852744337-mitsubishi-outlander-2-0...
2025-10-18 22:33:56 [INFO]   [7/22] (31.8%) Extracting: obiava-21742970735065630-mitsubishi-outlander-2-0i-136ks...
2025-10-18 22:33:56 [INFO]   [8/22] (36.4%) Extracting: obiava-21748969021967514-mitsubishi-outlander-2-0i...
2025-10-18 22:33:57 [INFO]   [9/22] (40.9%) Extracting: obiava-21707482392466686-mitsubishi-outlander-2-4-avtomatik-4x4...
2025-10-18 22:33:58 [INFO]   [10/22] (45.5%) Extracting: obiava-21760041035427004-mitsubishi-outlander-2-4i-16v-4x4-suv-avtomatik...
2025-10-18 22:33:58 [INFO]   [11/22] (50.0%) Processing batch...
2025-10-18 22:33:59 [INFO]   [12/22] (54.5%) Extracting: obiava-21759672767105710-mitsubishi-outlander-2-0-136-lpg-4x4...
2025-10-18 22:34:00 [INFO]   [13/22] (59.1%) Extracting: obiava-21749990614134332-mitsubishi-outlander-2-4...
2025-10-18 22:34:00 [INFO]   [14/22] (63.6%) Extracting: obiava-21759507049377069-mitsubishi-outlander-2-4i-euro-4...
2025-10-18 22:34:01 [INFO]   [15/22] (68.2%) Extracting: obiava-21702629702274308-mitsubishi-outlander...
2025-10-18 22:34:02 [INFO]   [16/22] (72.7%) Extracting: obiava-21713812278553583-mitsubishi-outlander-2-4i-automat...
2025-10-18 22:34:02 [INFO]   [17/22] (77.3%) Extracting: obiava-21751830024696583-mitsubishi-outlander-2-4-i-16v-4wd-lpg...
2025-10-18 22:34:03 [INFO]   [18/22] (81.8%) Extracting: obiava-21752950304507261-mitsubishi-outlander-2-0i-4x4-gaz...
2025-10-18 22:34:04 [INFO]   [19/22] (86.4%) Extracting: obiava-21724262579052552-mitsubishi-outlander...
2025-10-18 22:34:04 [INFO]   [20/22] (90.9%) Extracting: obiava-21744452039636635-mitsubishi-outlander-2-0i-16v-4x4...
2025-10-18 22:34:05 [INFO]   [21/22] (95.5%) Processing batch...
2025-10-18 22:34:06 [INFO]   [22/22] (100.0%) Processing batch...
2025-10-18 22:34:06 [INFO]   [22/22] (100.0%) Extracting: obiava-21758175118862079-mitsubishi-outlander...
2025-10-18 22:34:06 [INFO] 📈 EXTRACTION COMPLETE!
2025-10-18 22:34:06 [INFO]   ✅ Successful Extractions: 22 cars
2025-10-18 22:34:06 [INFO]   ❌ Failed Extractions: 0 cars
2025-10-18 22:34:06 [INFO]   📊 Success Rate: 100.0%
2025-10-18 22:34:06 [INFO]   ⏱️  Total Extraction Time: 14.4 seconds
2025-10-18 22:34:06 [INFO]   ⚡ Average Time per Car: 0.65 seconds
2025-10-18 22:34:06 [INFO] 💰 PRICE ANALYSIS:
2025-10-18 22:34:06 [INFO]   📊 Cars with Valid Prices: 22/22
2025-10-18 22:34:06 [INFO]   💵 Average Price: 8,008 BGN
2025-10-18 22:34:06 [INFO]   📉 Minimum Price: 7,000 BGN
2025-10-18 22:34:06 [INFO]   📈 Maximum Price: 8,999 BGN
2025-10-18 22:34:06 [INFO] 💾 EXCEL EXPORT COMPLETE!
2025-10-18 22:34:06 [INFO]   📁 File: docs/car-data.xlsx
2025-10-18 22:34:06 [INFO]   📋 Sheet: Mitsubishi-Outlander
2025-10-18 22:34:06 [INFO]   📊 Records Saved: 22 cars
2025-10-18 22:34:06 [INFO] 🎯 MISSION COMPLETE! 🚀
2025-10-18 22:34:06 [INFO] ================================================================================
2025-10-19 21:52:25 [INFO] ================================================================================
2025-10-19 21:52:25 [INFO] 🚀 NEW CRAWLER SESSION STARTED
2025-10-19 21:52:25 [INFO] ================================================================================
2025-10-19 21:52:25 [INFO] 🎮 Crawler Arguments: delay=0.5s, max_pages=100, excel=docs/car-data.xlsx
2025-10-19 21:52:25 [INFO] 🔍 SEARCH CRITERIA:
2025-10-19 21:52:25 [INFO] 📱 Vehicle: Mitsubishi Outlander (dzhip)
2025-10-19 21:52:25 [INFO] ⛽ Fuel Type: benzinov
2025-10-19 21:52:25 [INFO] 💰 Price Range: 7000 - 9000 BGN
2025-10-19 21:52:25 [INFO] 🔧 Engine Power: 120 - 250 HP
2025-10-19 21:52:25 [INFO] 🔍 Validating search URL...
2025-10-19 21:52:26 [INFO] ✅ URL validation successful
2025-10-19 21:52:26 [INFO] 🔗 Search URL: https://www.mobile.bg/obiavi/avtomobili-dzhipove/mitsubishi/outlander/dzhip/benzinov?price=7000&price1=9000&engine_power=120&engine_power1=250
2025-10-19 21:52:26 [INFO] 📡 Fetching Page 1: https://www.mobile.bg/obiavi/avtomobili-dzhipove/mitsubishi/outlander/dzhip/benzinov?price=7000&price1=9000&engine_power=120&engine_power1=250
2025-10-19 21:52:26 [INFO] 📊 SEARCH RESULTS SUMMARY:
2025-10-19 21:52:26 [INFO]  🎯 Total Results Found: 22 cars
2025-10-19 21:52:26 [INFO]  📄 Estimated Pages: 2 pages (~20 cars per page)
2025-10-19 21:52:26 [INFO]  ⏱️  Estimated Crawl Time: ~1.0 seconds
2025-10-19 21:52:26 [INFO]   📄 Page 1: Found 20 links, 20 new (90.9% complete)
2025-10-19 21:52:26 [INFO] Next page URL: https://www.mobile.bg/obiavi/avtomobili-dzhipove/mitsubishi/outlander/dzhip/benzinov/p-2?price=7000&price1=9000&engine_power=120&engine_power1=250
2025-10-19 21:52:26 [INFO] 📡 Fetching Page 2: https://www.mobile.bg/obiavi/avtomobili-dzhipove/mitsubishi/outlander/dzhip/benzinov/p-2?price=7000&price1=9000&engine_power=120&engine_power1=250
2025-10-19 21:52:26 [INFO]   📄 Page 2: Found 2 links, 2 new (100.0% complete)
2025-10-19 21:52:26 [INFO] 🏁 No more pages found. Crawling complete!
2025-10-19 21:52:26 [INFO] 🔗 LINK COLLECTION COMPLETE!
2025-10-19 21:52:26 [INFO]   📊 Total Unique Links: 22 cars
2025-10-19 21:52:26 [INFO]   📄 Pages Processed: 2
2025-10-19 21:52:26 [INFO]   ⏱️  Total Collection Time: 0.8 seconds
2025-10-19 21:52:26 [INFO] 🚗 STARTING DATA EXTRACTION:
2025-10-19 21:52:26 [INFO]   📊 Total Links to Process: 22 cars
2025-10-19 21:52:26 [INFO]   ⏱️  Estimated Time: ~6.6 seconds
2025-10-19 21:52:26 [INFO]   [1/22] (4.5%) Processing batch...
2025-10-19 21:52:27 [INFO]   [2/22] (9.1%) Extracting: obiava-21758199524595271-mitsubishi-outlander-dakar-2-4-gaz-techna-faza...
2025-10-19 21:52:28 [INFO]   [3/22] (13.6%) Extracting: obiava-21743098960419179-mitsubishi-outlander-4x4-benzin-gaz...
2025-10-19 21:52:28 [INFO]   [4/22] (18.2%) Extracting: obiava-21713812278553583-mitsubishi-outlander-2-4i-automat...
2025-10-19 21:52:29 [INFO]   [5/22] (22.7%) Extracting: obiava-21748969021967514-mitsubishi-outlander-2-0i...
2025-10-19 21:52:30 [INFO]   [6/22] (27.3%) Extracting: obiava-21744452039636635-mitsubishi-outlander-2-0i-16v-4x4...
2025-10-19 21:52:30 [INFO]   [7/22] (31.8%) Extracting: obiava-21707482392466686-mitsubishi-outlander-2-4-avtomatik-4x4...
2025-10-19 21:52:31 [INFO]   [8/22] (36.4%) Extracting: obiava-21702629702274308-mitsubishi-outlander...
2025-10-19 21:52:32 [INFO]   [9/22] (40.9%) Extracting: obiava-21757865351226505-mitsubishi-outlander...
2025-10-19 21:52:32 [INFO]   [10/22] (45.5%) Extracting: obiava-21758175118862079-mitsubishi-outlander...
2025-10-19 21:52:33 [INFO]   [11/22] (50.0%) Processing batch...
2025-10-19 21:52:34 [INFO]   [12/22] (54.5%) Extracting: obiava-21759507049377069-mitsubishi-outlander-2-4i-euro-4...
2025-10-19 21:52:34 [INFO]   [13/22] (59.1%) Extracting: obiava-21752950304507261-mitsubishi-outlander-2-0i-4x4-gaz...
2025-10-19 21:52:35 [INFO]   [14/22] (63.6%) Extracting: obiava-21750345675094449-mitsubishi-outlander-2-0i-4x4-111-000km...
2025-10-19 21:52:36 [INFO]   [15/22] (68.2%) Extracting: obiava-21755349852744337-mitsubishi-outlander-2-0...
2025-10-19 21:52:36 [INFO]   [16/22] (72.7%) Extracting: obiava-21748341999589220-mitsubishi-outlander-2-4-awd-sheytsariya...
2025-10-19 21:52:37 [INFO]   [17/22] (77.3%) Extracting: obiava-21760041035427004-mitsubishi-outlander-2-4i-16v-4x4-suv-avtomatik...
2025-10-19 21:52:38 [INFO]   [18/22] (81.8%) Extracting: obiava-21724262579052552-mitsubishi-outlander...
2025-10-19 21:52:38 [INFO]   [19/22] (86.4%) Extracting: obiava-21731430340165506-mitsubishi-outlander-2-4i-avtomatik...
2025-10-19 21:52:39 [INFO]   [20/22] (90.9%) Extracting: obiava-21751830024696583-mitsubishi-outlander-2-4-i-16v-4wd-lpg...
2025-10-19 21:52:40 [INFO]   [21/22] (95.5%) Processing batch...
2025-10-19 21:52:40 [INFO]   [22/22] (100.0%) Processing batch...
2025-10-19 21:52:40 [INFO]   [22/22] (100.0%) Extracting: obiava-21742970735065630-mitsubishi-outlander-2-0i-136ks...
2025-10-19 21:52:41 [INFO] 📈 EXTRACTION COMPLETE!
2025-10-19 21:52:41 [INFO]   ✅ Successful Extractions: 22 cars
2025-10-19 21:52:41 [INFO]   ❌ Failed Extractions: 0 cars
2025-10-19 21:52:41 [INFO]   📊 Success Rate: 100.0%
2025-10-19 21:52:41 [INFO]   ⏱️  Total Extraction Time: 14.8 seconds
2025-10-19 21:52:41 [INFO]   ⚡ Average Time per Car: 0.67 seconds
2025-10-19 21:52:41 [INFO] 💰 PRICE ANALYSIS:
2025-10-19 21:52:41 [INFO]   📊 Cars with Valid Prices: 22/22
2025-10-19 21:52:41 [INFO]   💵 Average Price: 8,008 BGN
2025-10-19 21:52:41 [INFO]   📉 Minimum Price: 7,000 BGN
2025-10-19 21:52:41 [INFO]   📈 Maximum Price: 8,999 BGN
2025-10-19 21:52:41 [INFO] 💾 EXCEL EXPORT COMPLETE!
2025-10-19 21:52:41 [INFO]   📁 File: docs/car-data.xlsx
2025-10-19 21:52:41 [INFO]   📋 Sheet: Mitsubishi-Outlander
2025-10-19 21:52:41 [INFO]   📊 Records Saved: 22 cars
2025-10-19 21:52:41 [INFO] 🎯 MISSION COMPLETE! 🚀
2025-10-19 21:52:41 [INFO] ================================================================================
2025-10-19 22:16:00 [INFO] ================================================================================
2025-10-19 22:16:00 [INFO] 🚀 NEW CRAWLER SESSION STARTED
2025-10-19 22:16:00 [INFO] ================================================================================
2025-10-19 22:16:00 [INFO] 🎮 Crawler Arguments: delay=0.1s, max_pages=1, excel=test-fix.xlsx
2025-10-19 22:16:00 [INFO] 🔍 SEARCH CRITERIA:
2025-10-19 22:16:00 [INFO] 📱 Vehicle: Mitsubishi Outlander (dzhip)
2025-10-19 22:16:00 [INFO] ⛽ Fuel Type: benzinov
2025-10-19 22:16:00 [INFO] 💰 Price Range: 7000 - 9000 BGN
2025-10-19 22:16:00 [INFO] 🔧 Engine Power: 120 - 250 HP
2025-10-19 22:16:00 [INFO] 🔍 Validating search URL...
2025-10-19 22:16:00 [INFO] ✅ URL validation successful
2025-10-19 22:16:00 [INFO] 🔗 Search URL: https://www.mobile.bg/obiavi/avtomobili-dzhipove/mitsubishi/outlander/dzhip/benzinov?price=7000&price1=9000&engine_power=120&engine_power1=250
2025-10-19 22:16:00 [INFO] 📡 Fetching Page 1: https://www.mobile.bg/obiavi/avtomobili-dzhipove/mitsubishi/outlander/dzhip/benzinov?price=7000&price1=9000&engine_power=120&engine_power1=250
2025-10-19 22:16:00 [INFO] 📊 SEARCH RESULTS SUMMARY:
2025-10-19 22:16:00 [INFO]  🎯 Total Results Found: 22 cars
2025-10-19 22:16:00 [INFO]  📄 Estimated Pages: 2 pages (~20 cars per page)
2025-10-19 22:16:00 [INFO]  ⏱️  Estimated Crawl Time: ~0.2 seconds
2025-10-19 22:16:00 [INFO]   📄 Page 1: Found 20 links, 20 new (90.9% complete)
2025-10-19 22:16:00 [INFO] 🛑 Reached max_pages=1. Stopping.
2025-10-19 22:16:00 [INFO] 🔗 LINK COLLECTION COMPLETE!
2025-10-19 22:16:00 [INFO]   📊 Total Unique Links: 20 cars
2025-10-19 22:16:00 [INFO]   📄 Pages Processed: 1
2025-10-19 22:16:00 [INFO]   ⏱️  Total Collection Time: 0.2 seconds
2025-10-19 22:16:00 [INFO] 🚗 STARTING DATA EXTRACTION:
2025-10-19 22:16:00 [INFO]   📊 Total Links to Process: 20 cars
2025-10-19 22:16:00 [INFO]   ⏱️  Estimated Time: ~6.0 seconds
2025-10-19 22:16:00 [INFO]   [1/20] (5.0%) Processing batch...
2025-10-19 22:16:01 [INFO]   [2/20] (10.0%) Extracting: obiava-21713812278553583-mitsubishi-outlander-2-4i-automat...
2025-10-19 22:16:01 [INFO]   [3/20] (15.0%) Extracting: obiava-21751830024696583-mitsubishi-outlander-2-4-i-16v-4wd-lpg...
2025-10-19 22:16:01 [INFO]   [4/20] (20.0%) Extracting: obiava-21731430340165506-mitsubishi-outlander-2-4i-avtomatik...
2025-10-19 22:16:01 [INFO]   [5/20] (25.0%) Extracting: obiava-21748969021967514-mitsubishi-outlander-2-0i...
2025-10-19 22:16:01 [INFO]   [6/20] (30.0%) Extracting: obiava-21744452039636635-mitsubishi-outlander-2-0i-16v-4x4...
2025-10-19 22:16:02 [INFO]   [7/20] (35.0%) Extracting: obiava-21750345675094449-mitsubishi-outlander-2-0i-4x4-111-000km...
2025-10-19 22:16:02 [INFO]   [8/20] (40.0%) Extracting: obiava-21752950304507261-mitsubishi-outlander-2-0i-4x4-gaz...
2025-10-19 22:16:02 [INFO]   [9/20] (45.0%) Extracting: obiava-21755349852744337-mitsubishi-outlander-2-0...
2025-10-19 22:16:02 [INFO]   [10/20] (50.0%) Extracting: obiava-21760041035427004-mitsubishi-outlander-2-4i-16v-4x4-suv-avtomatik...
2025-10-19 22:16:03 [INFO]   [11/20] (55.0%) Processing batch...
2025-10-19 22:16:03 [INFO]   [12/20] (60.0%) Extracting: obiava-21742970735065630-mitsubishi-outlander-2-0i-136ks...
2025-10-19 22:16:03 [INFO]   [13/20] (65.0%) Extracting: obiava-21758199524595271-mitsubishi-outlander-dakar-2-4-gaz-techna-faza...
2025-10-19 22:16:04 [INFO]   [14/20] (70.0%) Extracting: obiava-21748341999589220-mitsubishi-outlander-2-4-awd-sheytsariya...
2025-10-19 22:16:04 [INFO]   [15/20] (75.0%) Extracting: obiava-21759672767105710-mitsubishi-outlander-2-0-136-lpg-4x4...
2025-10-19 22:16:04 [INFO]   [16/20] (80.0%) Extracting: obiava-21749990614134332-mitsubishi-outlander-2-4...
2025-10-19 22:16:04 [INFO]   [17/20] (85.0%) Extracting: obiava-21757865351226505-mitsubishi-outlander...
2025-10-19 22:16:05 [INFO]   [18/20] (90.0%) Extracting: obiava-21702629702274308-mitsubishi-outlander...
2025-10-19 22:16:05 [INFO]   [19/20] (95.0%) Extracting: obiava-21724262579052552-mitsubishi-outlander...
2025-10-19 22:16:05 [INFO]   [20/20] (100.0%) Processing batch...
2025-10-19 22:16:05 [INFO]   [20/20] (100.0%) Extracting: obiava-21759507049377069-mitsubishi-outlander-2-4i-euro-4...
2025-10-19 22:16:05 [INFO] 📈 EXTRACTION COMPLETE!
2025-10-19 22:16:05 [INFO]   ✅ Successful Extractions: 20 cars
2025-10-19 22:16:05 [INFO]   ❌ Failed Extractions: 0 cars
2025-10-19 22:16:05 [INFO]   📊 Success Rate: 100.0%
2025-10-19 22:16:05 [INFO]   ⏱️  Total Extraction Time: 5.1 seconds
2025-10-19 22:16:05 [INFO]   ⚡ Average Time per Car: 0.25 seconds
2025-10-19 22:16:05 [INFO] 💰 PRICE ANALYSIS:
2025-10-19 22:16:05 [INFO]   📊 Cars with Valid Prices: 20/20
2025-10-19 22:16:05 [INFO]   💵 Average Price: 7,914 BGN
2025-10-19 22:16:05 [INFO]   📉 Minimum Price: 7,000 BGN
2025-10-19 22:16:05 [INFO]   📈 Maximum Price: 8,999 BGN
2025-10-19 22:16:05 [INFO] 💾 EXCEL EXPORT COMPLETE!
2025-10-19 22:16:05 [INFO]   📁 File: test-fix.xlsx
2025-10-19 22:16:05 [INFO]   📋 Sheet: Mitsubishi-Outlander
2025-10-19 22:16:05 [INFO]   📊 Records Saved: 20 cars
2025-10-19 22:16:05 [INFO] 🎯 MISSION COMPLETE! 🚀
2025-10-19 22:16:05 [INFO] ================================================================================
2025-10-19 22:16:12 [INFO] ================================================================================
2025-10-19 22:16:12 [INFO] 🚀 NEW CRAWLER SESSION STARTED
2025-10-19 22:16:12 [INFO] ================================================================================
2025-10-19 22:16:12 [INFO] 🎮 Crawler Arguments: delay=0.1s, max_pages=1, excel=test-fix.xlsx
2025-10-19 22:16:12 [INFO] 🔍 SEARCH CRITERIA:
2025-10-19 22:16:12 [INFO] 📱 Vehicle: Mitsubishi Outlander (dzhip)
2025-10-19 22:16:12 [INFO] ⛽ Fuel Type: benzinov
2025-10-19 22:16:12 [INFO] 💰 Price Range: 7000 - 9000 BGN
2025-10-19 22:16:12 [INFO] 🔧 Engine Power: 120 - 250 HP
2025-10-19 22:16:12 [INFO] 🔍 Validating search URL...
2025-10-19 22:16:12 [INFO] ✅ URL validation successful
2025-10-19 22:16:12 [INFO] 🔗 Search URL: https://www.mobile.bg/obiavi/avtomobili-dzhipove/mitsubishi/outlander/dzhip/benzinov?price=7000&price1=9000&engine_power=120&engine_power1=250
2025-10-19 22:16:12 [INFO] 📡 Fetching Page 1: https://www.mobile.bg/obiavi/avtomobili-dzhipove/mitsubishi/outlander/dzhip/benzinov?price=7000&price1=9000&engine_power=120&engine_power1=250
2025-10-19 22:16:12 [INFO] 📊 SEARCH RESULTS SUMMARY:
2025-10-19 22:16:12 [INFO]  🎯 Total Results Found: 22 cars
2025-10-19 22:16:12 [INFO]  📄 Estimated Pages: 2 pages (~20 cars per page)
2025-10-19 22:16:12 [INFO]  ⏱️  Estimated Crawl Time: ~0.2 seconds
2025-10-19 22:16:12 [INFO]   📄 Page 1: Found 20 links, 20 new (90.9% complete)
2025-10-19 22:16:12 [INFO] 🛑 Reached max_pages=1. Stopping.
2025-10-19 22:16:12 [INFO] 🔗 LINK COLLECTION COMPLETE!
2025-10-19 22:16:12 [INFO]   📊 Total Unique Links: 20 cars
2025-10-19 22:16:12 [INFO]   📄 Pages Processed: 1
2025-10-19 22:16:12 [INFO]   ⏱️  Total Collection Time: 0.2 seconds
2025-10-19 22:16:12 [INFO] 🚗 STARTING DATA EXTRACTION:
2025-10-19 22:16:12 [INFO]   📊 Total Links to Process: 20 cars
2025-10-19 22:16:12 [INFO]   ⏱️  Estimated Time: ~6.0 seconds
2025-10-19 22:16:12 [INFO]   [1/20] (5.0%) Processing batch...
2025-10-19 22:16:12 [INFO]   [2/20] (10.0%) Extracting: obiava-21750345675094449-mitsubishi-outlander-2-0i-4x4-111-000km...
2025-10-19 22:16:13 [INFO]   [3/20] (15.0%) Extracting: obiava-21748341999589220-mitsubishi-outlander-2-4-awd-sheytsariya...
2025-10-19 22:16:13 [INFO]   [4/20] (20.0%) Extracting: obiava-21748969021967514-mitsubishi-outlander-2-0i...
2025-10-19 22:16:13 [INFO]   [5/20] (25.0%) Extracting: obiava-21749990614134332-mitsubishi-outlander-2-4...
2025-10-19 22:16:14 [INFO]   [6/20] (30.0%) Extracting: obiava-21760041035427004-mitsubishi-outlander-2-4i-16v-4x4-suv-avtomatik...
2025-10-19 22:16:14 [INFO]   [7/20] (35.0%) Extracting: obiava-21755349852744337-mitsubishi-outlander-2-0...
2025-10-19 22:16:14 [INFO]   [8/20] (40.0%) Extracting: obiava-21752950304507261-mitsubishi-outlander-2-0i-4x4-gaz...
2025-10-19 22:16:14 [INFO]   [9/20] (45.0%) Extracting: obiava-21724262579052552-mitsubishi-outlander...
2025-10-19 22:16:14 [INFO]   [10/20] (50.0%) Extracting: obiava-21742970735065630-mitsubishi-outlander-2-0i-136ks...
2025-10-19 22:16:15 [INFO]   [11/20] (55.0%) Processing batch...
2025-10-19 22:16:15 [INFO]   [12/20] (60.0%) Extracting: obiava-21758199524595271-mitsubishi-outlander-dakar-2-4-gaz-techna-faza...
2025-10-19 22:16:15 [INFO]   [13/20] (65.0%) Extracting: obiava-21720390373238945-mitsubishi-outlander-2-4-i-avtomat-gazov-injektsion...
2025-10-19 22:16:15 [INFO]   [14/20] (70.0%) Extracting: obiava-21731430340165506-mitsubishi-outlander-2-4i-avtomatik...
2025-10-19 22:16:16 [INFO]   [15/20] (75.0%) Extracting: obiava-21744452039636635-mitsubishi-outlander-2-0i-16v-4x4...
2025-10-19 22:16:16 [INFO]   [16/20] (80.0%) Extracting: obiava-21751830024696583-mitsubishi-outlander-2-4-i-16v-4wd-lpg...
2025-10-19 22:16:16 [INFO]   [17/20] (85.0%) Extracting: obiava-21757865351226505-mitsubishi-outlander...
2025-10-19 22:16:16 [INFO]   [18/20] (90.0%) Extracting: obiava-21702629702274308-mitsubishi-outlander...
2025-10-19 22:16:17 [INFO]   [19/20] (95.0%) Extracting: obiava-21759507049377069-mitsubishi-outlander-2-4i-euro-4...
2025-10-19 22:16:17 [INFO]   [20/20] (100.0%) Processing batch...
2025-10-19 22:16:17 [INFO]   [20/20] (100.0%) Extracting: obiava-21713812278553583-mitsubishi-outlander-2-4i-automat...
2025-10-19 22:16:17 [INFO] 📈 EXTRACTION COMPLETE!
2025-10-19 22:16:17 [INFO]   ✅ Successful Extractions: 20 cars
2025-10-19 22:16:17 [INFO]   ❌ Failed Extractions: 0 cars
2025-10-19 22:16:17 [INFO]   📊 Success Rate: 100.0%
2025-10-19 22:16:17 [INFO]   ⏱️  Total Extraction Time: 5.1 seconds
2025-10-19 22:16:17 [INFO]   ⚡ Average Time per Car: 0.25 seconds
2025-10-19 22:16:17 [INFO] 💰 PRICE ANALYSIS:
2025-10-19 22:16:17 [INFO]   📊 Cars with Valid Prices: 20/20
2025-10-19 22:16:17 [INFO]   💵 Average Price: 7,914 BGN
2025-10-19 22:16:17 [INFO]   📉 Minimum Price: 7,000 BGN
2025-10-19 22:16:17 [INFO]   📈 Maximum Price: 8,999 BGN
2025-10-19 22:16:17 [INFO] 💾 EXCEL EXPORT COMPLETE!
2025-10-19 22:16:17 [INFO]   📁 File: test-fix.xlsx
2025-10-19 22:16:17 [INFO]   📋 Sheet: Mitsubishi-Outlander
2025-10-19 22:16:17 [INFO]   📊 Records Saved: 20 cars
2025-10-19 22:16:17 [INFO] 🎯 MISSION COMPLETE! 🚀
2025-10-19 22:16:17 [INFO] ================================================================================
2025-10-19 22:36:50 [INFO] ================================================================================
2025-10-19 22:36:50 [INFO] 🚀 NEW CRAWLER SESSION STARTED
2025-10-19 22:36:50 [INFO] ================================================================================
2025-10-19 22:36:50 [INFO] 🎮 Crawler Arguments: delay=0.5s, max_pages=100, excel=docs/car-data.xlsx
2025-10-19 22:36:50 [INFO] 🔍 SEARCH CRITERIA:
2025-10-19 22:36:50 [INFO] 📱 Vehicle: Mitsubishi Outlander (dzhip)
2025-10-19 22:36:50 [INFO] ⛽ Fuel Type: benzinov
2025-10-19 22:36:50 [INFO] 💰 Price Range: 7000 - 9000 BGN
2025-10-19 22:36:50 [INFO] 🔧 Engine Power: 120 - 250 HP
2025-10-19 22:36:50 [INFO] 🔍 Validating search URL...
2025-10-19 22:36:50 [INFO] ✅ URL validation successful
2025-10-19 22:36:50 [INFO] 🔗 Search URL: https://www.mobile.bg/obiavi/avtomobili-dzhipove/mitsubishi/outlander/dzhip/benzinov?price=7000&price1=9000&engine_power=120&engine_power1=250
2025-10-19 22:36:50 [INFO] 📡 Fetching Page 1: https://www.mobile.bg/obiavi/avtomobili-dzhipove/mitsubishi/outlander/dzhip/benzinov?price=7000&price1=9000&engine_power=120&engine_power1=250
2025-10-19 22:36:50 [INFO] 📊 SEARCH RESULTS SUMMARY:
2025-10-19 22:36:50 [INFO]  🎯 Total Results Found: 22 cars
2025-10-19 22:36:50 [INFO]  📄 Estimated Pages: 2 pages (~20 cars per page)
2025-10-19 22:36:50 [INFO]  ⏱️  Estimated Crawl Time: ~1.0 seconds
2025-10-19 22:36:50 [INFO]   📄 Page 1: Found 20 links, 20 new (90.9% complete)
2025-10-19 22:36:50 [INFO] Next page URL: https://www.mobile.bg/obiavi/avtomobili-dzhipove/mitsubishi/outlander/dzhip/benzinov/p-2?price=7000&price1=9000&engine_power=120&engine_power1=250
2025-10-19 22:36:51 [INFO] 📡 Fetching Page 2: https://www.mobile.bg/obiavi/avtomobili-dzhipove/mitsubishi/outlander/dzhip/benzinov/p-2?price=7000&price1=9000&engine_power=120&engine_power1=250
2025-10-19 22:36:51 [INFO]   📄 Page 2: Found 2 links, 2 new (100.0% complete)
2025-10-19 22:36:51 [INFO] 🏁 No more pages found. Crawling complete!
2025-10-19 22:36:51 [INFO] 🔗 LINK COLLECTION COMPLETE!
2025-10-19 22:36:51 [INFO]   📊 Total Unique Links: 22 cars
2025-10-19 22:36:51 [INFO]   📄 Pages Processed: 2
2025-10-19 22:36:51 [INFO]   ⏱️  Total Collection Time: 0.8 seconds
2025-10-19 22:36:51 [INFO] 🚗 STARTING DATA EXTRACTION:
2025-10-19 22:36:51 [INFO]   📊 Total Links to Process: 22 cars
2025-10-19 22:36:51 [INFO]   ⏱️  Estimated Time: ~6.6 seconds
2025-10-19 22:36:51 [INFO]   [1/22] (4.5%) Processing batch...
2025-10-19 22:36:51 [INFO]   [2/22] (9.1%) Extracting: obiava-21724262579052552-mitsubishi-outlander...
2025-10-19 22:36:52 [INFO]   [3/22] (13.6%) Extracting: obiava-21755349852744337-mitsubishi-outlander-2-0...
2025-10-19 22:36:53 [INFO]   [4/22] (18.2%) Extracting: obiava-21742970735065630-mitsubishi-outlander-2-0i-136ks...
2025-10-19 22:36:53 [INFO]   [5/22] (22.7%) Extracting: obiava-21731430340165506-mitsubishi-outlander-2-4i-avtomatik...
2025-10-19 22:36:54 [INFO]   [6/22] (27.3%) Extracting: obiava-21748969021967514-mitsubishi-outlander-2-0i...
2025-10-19 22:36:55 [INFO]   [7/22] (31.8%) Extracting: obiava-21707482392466686-mitsubishi-outlander-2-4-avtomatik-4x4...
2025-10-19 22:36:55 [INFO]   [8/22] (36.4%) Extracting: obiava-21702629702274308-mitsubishi-outlander...
2025-10-19 22:36:56 [INFO]   [9/22] (40.9%) Extracting: obiava-21758175118862079-mitsubishi-outlander...
2025-10-19 22:36:57 [INFO]   [10/22] (45.5%) Extracting: obiava-21713812278553583-mitsubishi-outlander-2-4i-automat...
2025-10-19 22:36:57 [INFO]   [11/22] (50.0%) Processing batch...
2025-10-19 22:36:58 [INFO]   [12/22] (54.5%) Extracting: obiava-21752950304507261-mitsubishi-outlander-2-0i-4x4-gaz...
2025-10-19 22:36:59 [INFO]   [13/22] (59.1%) Extracting: obiava-21744452039636635-mitsubishi-outlander-2-0i-16v-4x4...
2025-10-19 22:36:59 [INFO]   [14/22] (63.6%) Extracting: obiava-21759507049377069-mitsubishi-outlander-2-4i-euro-4...
2025-10-19 22:37:00 [INFO]   [15/22] (68.2%) Extracting: obiava-21743098960419179-mitsubishi-outlander-4x4-benzin-gaz...
2025-10-19 22:37:01 [INFO]   [16/22] (72.7%) Extracting: obiava-21749990614134332-mitsubishi-outlander-2-4...
2025-10-19 22:37:01 [INFO]   [17/22] (77.3%) Extracting: obiava-21720390373238945-mitsubishi-outlander-2-4-i-avtomat-gazov-injektsion...
2025-10-19 22:37:02 [INFO]   [18/22] (81.8%) Extracting: obiava-21760041035427004-mitsubishi-outlander-2-4i-16v-4x4-suv-avtomatik...
2025-10-19 22:37:02 [INFO]   [19/22] (86.4%) Extracting: obiava-21748341999589220-mitsubishi-outlander-2-4-awd-sheytsariya...
2025-10-19 22:37:03 [INFO]   [20/22] (90.9%) Extracting: obiava-21750345675094449-mitsubishi-outlander-2-0i-4x4-111-000km...
2025-10-19 22:37:03 [INFO]   [21/22] (95.5%) Processing batch...
2025-10-19 22:37:04 [INFO]   [22/22] (100.0%) Processing batch...
2025-10-19 22:37:04 [INFO]   [22/22] (100.0%) Extracting: obiava-21758199524595271-mitsubishi-outlander-dakar-2-4-gaz-techna-faza...
2025-10-19 22:37:05 [INFO] 📈 EXTRACTION COMPLETE!
2025-10-19 22:37:05 [INFO]   ✅ Successful Extractions: 22 cars
2025-10-19 22:37:05 [INFO]   ❌ Failed Extractions: 0 cars
2025-10-19 22:37:05 [INFO]   📊 Success Rate: 100.0%
2025-10-19 22:37:05 [INFO]   ⏱️  Total Extraction Time: 13.9 seconds
2025-10-19 22:37:05 [INFO]   ⚡ Average Time per Car: 0.63 seconds
2025-10-19 22:37:05 [INFO] 💰 PRICE ANALYSIS:
2025-10-19 22:37:05 [INFO]   📊 Cars with Valid Prices: 22/22
2025-10-19 22:37:05 [INFO]   💵 Average Price: 8,008 BGN
2025-10-19 22:37:05 [INFO]   📉 Minimum Price: 7,000 BGN
2025-10-19 22:37:05 [INFO]   📈 Maximum Price: 8,999 BGN
2025-10-19 22:37:05 [INFO] 💾 EXCEL EXPORT COMPLETE!
2025-10-19 22:37:05 [INFO]   📁 File: docs/car-data.xlsx
2025-10-19 22:37:05 [INFO]   📋 Sheet: Mitsubishi-Outlander
2025-10-19 22:37:05 [INFO]   📊 Records Saved: 22 cars
2025-10-19 22:37:05 [INFO] 🎯 MISSION COMPLETE! 🚀
2025-10-19 22:37:05 [INFO] ================================================================================
